// Jest Snapshot v1, https://goo.gl/fbAQLP

exports[`Form Component should render 1`] = `
<div>
  <h2>
    Idea Board
  </h2>
  <button
    type="button"
  >
    + Add List
  </button>
  <button
    type="button"
  >
    + Add card
  </button>
  <div>
    <h3>
      Title:
    </h3>
    <p>
      Description: 
    </p>
  </div>
  <div>
    <h3>
      Title:
    </h3>
    <p>
      Description: 
    </p>
  </div>
</div>
`;
