// Jest Snapshot v1, https://goo.gl/fbAQLP

exports[`User Card component should render 1`] = `
<div
  class="sc-bdnylx cgnZNF"
>
  <div>
    <table
      class="sc-eCApGN eHUFhS"
    >
      <tbody>
        <tr>
          <th
            class="sc-jSFkmK gvAWUR"
          >
            Username:
          </th>
          <td
            class="sc-gKAblj kJjQBq"
          >
            usernameTest
          </td>
        </tr>
        <tr>
          <th
            class="sc-jSFkmK gvAWUR"
          >
            Email:
          </th>
          <td
            class="sc-gKAblj kJjQBq"
          >
            test@gmail.com
          </td>
        </tr>
        <tr>
          <th
            class="sc-jSFkmK gvAWUR"
          >
            Age:
          </th>
          <td
            class="sc-gKAblj kJjQBq"
          >
            25
          </td>
        </tr>
      </tbody>
    </table>
    <span
      class="sc-dlnjPT cmEWJv"
    >
      <button
        class="sc-hKFyIo dyckvF"
        type="button"
      >
        Edit
      </button>
      <button
        class="sc-hKFyIo dyckvF"
        type="button"
      >
        Delete
      </button>
    </span>
  </div>
</div>
`;
