// Jest Snapshot v1, https://goo.gl/fbAQLP

exports[`Header component should render 1`] = `
<header
  class="sc-AxjAm eulKPO"
>
  <h1
    class="sc-AxirZ hJCReq"
  >
    Andy Huynh
  </h1>
  <div
    class="sc-AxiKw cUMxlS"
  >
    <a
      aria-current="page"
      class="sc-AxhCb biVdMa active"
      href="/"
    >
      home
    </a>
    <a
      class="sc-AxhCb biVdMa"
      href="/cv"
    >
      cv
    </a>
    <a
      class="sc-AxhUy famNCz"
      href="https://github.com/andy-h1"
      target="_blank"
    >
      <img
        alt="github"
        class="sc-AxgMl dewwFw"
        src="github.png"
      />
    </a>
    <a
      class="sc-AxhUy famNCz"
      href="https://twitter.com/andyh_1_"
      target="_blank"
    >
      <img
        alt="twitter"
        class="sc-AxgMl dewwFw"
        src="twitter.svg"
      />
    </a>
    <a
      class="sc-AxhUy famNCz"
      href="https://www.linkedin.com/in/andyhuynh1/"
      target="_blank"
    >
      <img
        alt="linkedin"
        class="sc-AxgMl dewwFw"
        src="linkedin.png"
      />
    </a>
  </div>
</header>
`;
