// Jest Snapshot v1, https://goo.gl/fbAQLP

exports[`Form Component should render 1`] = `
<div>
  <h3>
    Title:
  </h3>
  <p>
    Description: 
  </p>
</div>
`;
