// Jest Snapshot v1, https://goo.gl/fbAQLP

exports[`Form Component should render 1`] = `
<div
  class="sc-AxmLO jPFMJW"
>
  <h2
    class="sc-fzozJi fvRlLu"
  >
    Sign Up Form
  </h2>
  <form
    class="sc-fzoLsD gxuKiv"
  >
    <input
      class="sc-fzpans idaupV"
      id="name"
      placeholder="Username"
      required=""
      type="text"
      value=""
    />
    <input
      class="sc-fzpans idaupV"
      id="email"
      placeholder="Email Address"
      required=""
      type="email"
      value=""
    />
    <input
      class="sc-fzpans idaupV"
      id="age"
      max="60"
      min="18"
      placeholder="Age"
      type="number"
      value=""
    />
    <div
      class="sc-fznyAO XyPLH"
    >
      <input
        class="sc-fzpans idaupV"
        id="password"
        placeholder="Password"
        required=""
        type="password"
        value=""
      />
      <button
        class="sc-fznZeY YWaki"
        type="button"
      />
    </div>
    <button
      class="sc-fzplWN fViOlb"
      type="submit"
    >
      Register
    </button>
  </form>
  <div
    class="sc-fznKkj erwKkS"
  />
</div>
`;
