// Jest Snapshot v1, https://goo.gl/fbAQLP

exports[`Home Page Component shoulder render 1`] = `
<div
  class="sc-ksluoS bLXZeG"
>
  <div
    class="sc-dIsAE hPYYyP"
  >
    <img
      alt="andy"
      class="sc-bqGHjH bNVQxt"
      src="profile.jpg"
    />
    <a
      download="Andy Huynh CV"
      href="Andy-Huynh-CV.pdf"
    >
      <button
        class="sc-fnVYJo Tcjvg"
        type="button"
      >
        Download CV
      </button>
    </a>
    <p
      class="sc-hBMVcZ cCWgya"
    >
      I am a Front End Developer that loves JS, User Experience, and animations. Below are some projects I've recently built, I'm currently working on a new app as an excuse to get stronger with TypeScript, Cypress and Redux
    </p>
    <p
      class="sc-hBMVcZ cCWgya"
    >
      My website is used as a playground for me to test out new and exciting technologies.
    </p>
  </div>
  <div
    class="sc-bdnylx hDHndV"
  >
    <h2
      class="sc-gtssRu kxGmyu"
    >
      Projects
    </h2>
    <a
      class="sc-dlnjPT iOPFCG"
      href="https://seldon.netlify.app/"
      target="blank"
    >
      <div
        class="sc-eCApGN gKrcDW"
      >
        <h3
          class="sc-jSFkmK iMSgzb"
        >
          Data Visualization Dashboard
        </h3>
        <p
          class="sc-gKAblj hVAqTn"
        >
          This dashboard was built with React, D3 and Material UI. The line graph currently takes mock data which updates every 1.5 seconds and rerenders when the data is updated using useEffect.
        </p>
        <ul
          class="sc-iqAbSa bhMFhF"
        >
          <li
            class="sc-crzoUp uAfui"
          >
            react
          </li>
          <li
            class="sc-crzoUp uAfui"
          >
            material-ui
          </li>
          <li
            class="sc-crzoUp uAfui"
          >
            react-hooks
          </li>
          <li
            class="sc-crzoUp uAfui"
          >
            svg
          </li>
          <li
            class="sc-crzoUp uAfui"
          >
            d3
          </li>
          <li
            class="sc-crzoUp uAfui"
          >
            jest
          </li>
          <li
            class="sc-crzoUp uAfui"
          >
            react-testing-library
          </li>
        </ul>
        <span
          class="sc-fujyUd jwlflL"
        >
          <img
            alt="line graph image"
            class="sc-kEqYlL dSVOrz"
            src="linegraph.png"
          />
        </span>
      </div>
    </a>
    <a
      class="sc-dlnjPT iOPFCG"
      href="https://pandy-idea-board.netlify.app/"
      target="_blank"
    >
      <div
        class="sc-eCApGN gKrcDW"
      >
        <h3
          class="sc-jSFkmK iMSgzb"
        >
          ClearScore Tech Test
        </h3>
        <p
          class="sc-gKAblj hVAqTn"
        >
          The idea board was built with React and Styled-components. LocalStorage was used for the storage of the data on the web browser and useContext for global state management.
        </p>
        <div
          class="sc-iCoHVE jYyfPn"
        >
          <ul
            class="sc-iqAbSa bhMFhF"
          >
            <li
              class="sc-crzoUp uAfui"
            >
              react
            </li>
            <li
              class="sc-crzoUp uAfui"
            >
              styled-components
            </li>
            <li
              class="sc-crzoUp uAfui"
            >
              localStorage API
            </li>
            <li
              class="sc-crzoUp uAfui"
            >
              react-hooks
            </li>
            <li
              class="sc-crzoUp uAfui"
            >
              jest
            </li>
            <li
              class="sc-crzoUp uAfui"
            >
              react-testing-library
            </li>
          </ul>
        </div>
        <span
          class="sc-fujyUd jwlflL"
        >
          <img
            alt="ideaBoard"
            class="sc-jrsJCI hxagQg"
            src="ideaBoardImage.png"
          />
        </span>
      </div>
    </a>
    <a
      class="sc-hKFyIo gubifo"
      href="/Form"
    >
      <div
        class="sc-eCApGN gKrcDW"
      >
        <h3
          class="sc-jSFkmK iMSgzb"
        >
          Sign-Up Form
        </h3>
        <p
          class="sc-gKAblj hVAqTn"
        >
          I built this demo sign-up form, hooking the data entries to Firebase's cloud-based database - Firestore. It is built with React, Firebase and styled-components.
        </p>
        <div
          class="sc-iCoHVE jYyfPn"
        >
          <ul
            class="sc-iqAbSa bhMFhF"
          >
            <li
              class="sc-crzoUp uAfui"
            >
              react
            </li>
            <li
              class="sc-crzoUp uAfui"
            >
              react-hooks
            </li>
            <li
              class="sc-crzoUp uAfui"
            >
              styled-components
            </li>
            <li
              class="sc-crzoUp uAfui"
            >
              jest
            </li>
            <li
              class="sc-crzoUp uAfui"
            >
              react-testing-library
            </li>
          </ul>
        </div>
        <span
          class="sc-fujyUd jwlflL"
        >
          <img
            alt="form"
            class="sc-jrsJCI hxagQg"
            src="formImage.png"
          />
        </span>
      </div>
    </a>
    <a
      class="sc-hKFyIo gubifo"
      href="/weather"
    >
      <div
        class="sc-eCApGN gKrcDW"
      >
        <h3
          class="sc-jSFkmK iMSgzb"
        >
          Weather App
        </h3>
        <p
          class="sc-gKAblj hVAqTn"
        >
          I built this weather app using OpenWeatherMap API to get the current weather data in your location. It is built with React using styled-components.
        </p>
        <div
          class="sc-iCoHVE jYyfPn"
        >
          <ul
            class="sc-iqAbSa bhMFhF"
          >
            <li
              class="sc-crzoUp uAfui"
            >
              react
            </li>
            <li
              class="sc-crzoUp uAfui"
            >
              react-hooks
            </li>
            <li
              class="sc-crzoUp uAfui"
            >
              styled-components
            </li>
            <li
              class="sc-crzoUp uAfui"
            >
              jest
            </li>
            <li
              class="sc-crzoUp uAfui"
            >
              react-testing-library
            </li>
          </ul>
        </div>
        <span
          class="sc-fujyUd jwlflL"
        >
          <img
            alt="cloudy"
            class="sc-pNWxx cydRpC"
            src="lightCloudsDay.png"
          />
        </span>
      </div>
    </a>
  </div>
</div>
`;
