// Jest Snapshot v1, https://goo.gl/fbAQLP

exports[`Weather Page Component should render 1`] = `
<h2
  class="sc-gtssRu iZEEwn"
>
  Weather Page
</h2>
`;
